// Jest Snapshot v1, https://goo.gl/fbAQLP

exports[`Sidebar matches snapshot 1`] = `
Object {
  "asFragment": [Function],
  "baseElement": <body
    class="modal-open"
    data-rr-ui-modal-open=""
    style="padding-right: 1024px;"
  >
    <div />
    <div
      class="fade offcanvas-backdrop show"
    />
    <div
      aria-modal="true"
      class="offcanvas offcanvas-end offcanvas-toggling show"
      role="dialog"
      style="visibility: visible;"
      tabindex="-1"
    >
      <div
        class="offcanvas-header"
      >
        <div
          class="offcanvas-title h5"
        >
          Your cart
        </div>
        <button
          aria-label="Close"
          class="btn-close"
          type="button"
        />
      </div>
      <div
        class="offcanvas-body"
      >
        <p>
          <b>
            Cart is empty
          </b>
        </p>
      </div>
    </div>
  </body>,
  "container": <div />,
  "debug": [Function],
  "findAllByAltText": [Function],
  "findAllByDisplayValue": [Function],
  "findAllByLabelText": [Function],
  "findAllByPlaceholderText": [Function],
  "findAllByRole": [Function],
  "findAllByTestId": [Function],
  "findAllByText": [Function],
  "findAllByTitle": [Function],
  "findByAltText": [Function],
  "findByDisplayValue": [Function],
  "findByLabelText": [Function],
  "findByPlaceholderText": [Function],
  "findByRole": [Function],
  "findByTestId": [Function],
  "findByText": [Function],
  "findByTitle": [Function],
  "getAllByAltText": [Function],
  "getAllByDisplayValue": [Function],
  "getAllByLabelText": [Function],
  "getAllByPlaceholderText": [Function],
  "getAllByRole": [Function],
  "getAllByTestId": [Function],
  "getAllByText": [Function],
  "getAllByTitle": [Function],
  "getByAltText": [Function],
  "getByDisplayValue": [Function],
  "getByLabelText": [Function],
  "getByPlaceholderText": [Function],
  "getByRole": [Function],
  "getByTestId": [Function],
  "getByText": [Function],
  "getByTitle": [Function],
  "queryAllByAltText": [Function],
  "queryAllByDisplayValue": [Function],
  "queryAllByLabelText": [Function],
  "queryAllByPlaceholderText": [Function],
  "queryAllByRole": [Function],
  "queryAllByTestId": [Function],
  "queryAllByText": [Function],
  "queryAllByTitle": [Function],
  "queryByAltText": [Function],
  "queryByDisplayValue": [Function],
  "queryByLabelText": [Function],
  "queryByPlaceholderText": [Function],
  "queryByRole": [Function],
  "queryByTestId": [Function],
  "queryByText": [Function],
  "queryByTitle": [Function],
  "rerender": [Function],
  "unmount": [Function],
}
`;
